....................                                                     [100%]
20 passed in 40.34s
